// Jest Snapshot v1, https://goo.gl/fbAQLP

exports[`EC - Composition renders correctly 1`] = `
"<button class=\\"ecl-button ecl-button--primary\\" type=\\"submit\\">
  <span class=\\"ecl-button__container\\">
    <span class=\\"ecl-button__label\\">Example button</span>
  </span>
</button>

<blockquote class=\\"ecl-blockquote\\">
  <p class=\\"ecl-blockquote__body\\">Example body</p>
  <footer class=\\"ecl-blockquote__attribution\\">
    <cite class=\\"ecl-blockquote__author\\">Author name</cite>
  </footer>
</blockquote>
"
`;
